// Jest Snapshot v1, https://goo.gl/fbAQLP

exports[`List.vue should render correctly 1`] = `
<div
  class="row"
/>
`;
